
Skipping unrecognized attribute:
  ship "rIn HoS"
    category "Heavy Warship"

Skipping unrecognized attribute:
  ship "rIn HoS"
    cost 150000

Skipping unrecognized attribute:
  ship "rIn HoS"
    "required crew" 100

Skipping unrecognized attribute:
  ship "rIn HoS"
    bunks 300

Skipping unrecognized attribute:
  ship "rIn HoS"
    mass 1000

Skipping unrecognized attribute:
  ship "rIn HoS"
    drag 1

Skipping unrecognized attribute:
  ship "rIn HoS"
    "heat dissipation" .5

Skipping unrecognized attribute:
  ship "rIn HoS"
    "fuel capacity" 1000

Skipping unrecognized attribute:
  ship "rIn HoS"
    "cargo space" 100

Skipping unrecognized attribute:
  ship "rIn HoS"
    "outfit space" 10000

Skipping unrecognized attribute:
  ship "rIn HoS"
    "weapon capacity" 2000

Skipping unrecognized attribute:
  ship "rIn HoS"
    "engine capacity" 5000

Skipping unrecognized attribute:
  ship "rIn HoS"
    weapon

Skipping unrecognized attribute:
  ship "rIn HoS"
    "Heavy Fusion Reactor" 2

Skipping unrecognized attribute:
  ship "rIn HoS"
    "D94-YV Shield Generator" 4

Skipping unrecognized attribute:
  ship "rIn HoS"
    "Liquid Helium Cooler" 2

Skipping unrecognized attribute:
  ship "rIn HoS"
    "Large Radar Jammer"

Skipping unrecognized attribute:
  ship "rIn HoS"
    "Cargo Scanner"

Skipping unrecognized attribute:
  ship "rIn HoS"
    "Outfit Scanner"

Skipping unrecognized attribute:
  ship "rIn HoS"
    "Surveillance Pod"

Skipping unrecognized attribute:
  ship "rIn HoS"
    "Catalytic Ramscoop"

Skipping unrecognized attribute:
  ship "rIn HoS"
    "Cloaking Device"
